/usr/local/gromacs/bin/gmx pdb2gmx -f /home/pau/projects/pymdsetup/test/data/pdb2gmx/input_structure.pdb -o /home/pau/projects/pymdsetup/test/test/p2g_results/p2g.gro -p /home/pau/projects/pymdsetup/test/test/p2g_results/p2g.top -i p2g.itp -water spce -ff oplsaa -ignh
Exit code 0

Using the Oplsaa force field in directory oplsaa.ff

Reading /home/pau/projects/pymdsetup/test/data/pdb2gmx/input_structure.pdb...
Read 618 atoms
Analyzing pdb file
Splitting chemical chains based on TER records or chain id changing.
There are 1 chains and 0 blocks of water and 79 residues with 618 atoms

  chain  #res #atoms
  1 'A'    79    618  

Reading residue database... (oplsaa)
Processing chain 1 'A' (618 atoms, 79 residues)
Identified residue SER1 as a starting terminus.
Identified residue ALA79 as a ending terminus.
Start terminus SER-1: NH3+
End terminus ALA-79: COO-
Checking for duplicate atoms....
Generating any missing hydrogen atoms and/or adding termini.
Now there are 79 residues with 1196 atoms
		--------- PLEASE NOTE ------------
You have successfully generated a topology from: /home/pau/projects/pymdsetup/test/data/pdb2gmx/input_structure.pdb.
The Oplsaa force field and the spce water model are used.
		--------- ETON ESAELP ------------
